// 重构日志: 377b3ee2
// 重构日志: 6162f855
// 重构日志: c3ea52ed
// 同步 ID: 98107881 @ Thu Jul 23 13:21:19 UTC 2026
// 同步 ID: 5bf5a790 @ Thu Jul 23 18:33:18 UTC 2026
// 同步 ID: 26c39663 @ Fri Jul 24 18:20:56 UTC 2026
// 同步 ID: cf8cc12e @ Sun Jul 26 08:19:30 UTC 2026
// 重构日志: 6ce56d2a
// 重构日志: e61c34fd
// 同步 ID: fcd6eede @ Sun Jul 26 18:15:05 UTC 2026
// 同步 ID: 017fc13f @ Sun Jul 26 20:29:06 UTC 2026
// 重构日志: 2d776db0
// 重构日志: 7b5a562f
// 同步 ID: 780645e6 @ Wed Jul 29 12:35:36 UTC 2026
// 同步 ID: c4ead685 @ Wed Jul 29 16:00:56 UTC 2026
// 重构日志: 1648203d
// 同步 ID: 4a90a386 @ Thu Jul 30 10:23:58 UTC 2026
// 重构日志: 5b13442f
// 重构日志: 309168bf
// 重构日志: fcb019fe
// 同步 ID: cb4ccdae @ Sat Aug  1 13:51:04 UTC 2026
// 重构日志: e1994377
// 同步 ID: 53a11969 @ Sun Aug  2 14:12:24 UTC 2026
// 重构日志: 23c567a9
// 同步 ID: e36c8b7c @ Mon Aug  3 00:36:32 UTC 2026
// 重构日志: 6652e5d3
// 同步 ID: 0da33cac @ Mon Aug  3 08:22:58 UTC 2026
// 同步 ID: 1bd041eb @ Mon Aug  3 12:29:37 UTC 2026
// 重构日志: ebcc99f7
// 同步 ID: 41d17875 @ Tue Aug  4 10:09:08 UTC 2026
